// Jest Snapshot v1, https://goo.gl/fbAQLP

exports[`should render ExpenseSummary correctly with multiple expenses 1`] = `
<div>
  <p>
    Your 
    3
     expenses come to 
    $0.00
  </p>
</div>
`;
